// Jest Snapshot v1, https://goo.gl/fbAQLP

exports[`ForgotPasswordPage should match default section snapshot 1`] = `
<div>
  <span
    className="nav nav-tabs"
  >
    <a
      className="nav-item nav-link"
      href="/login"
      onClick={[Function]}
    >
      <svg
        aria-hidden="true"
        className="svg-inline--fa fa-chevron-left fa-w-10 mr-2"
        data-icon="chevron-left"
        data-prefix="fas"
        focusable="false"
        role="img"
        style={Object {}}
        viewBox="0 0 320 512"
        xmlns="http://www.w3.org/2000/svg"
      >
        <path
          d="M34.52 239.03L228.87 44.69c9.37-9.37 24.57-9.37 33.94 0l22.67 22.67c9.36 9.36 9.37 24.52.04 33.9L131.49 256l154.02 154.75c9.34 9.38 9.32 24.54-.04 33.9l-22.67 22.67c-9.37 9.37-24.57 9.37-33.94 0L34.52 272.97c-9.37-9.37-9.37-24.57 0-33.94z"
          fill="currentColor"
          style={Object {}}
        />
      </svg>
       
      Sign In
    </a>
  </span>
  <div
    className="main-content"
    id="main-content"
  >
    <div
      className="d-flex justify-content-center"
    >
      <div
        className="d-flex flex-column"
      >
        <form
          className="mw-xs"
        >
          <h3>
            Reset password
          </h3>
          <p
            className="mb-4"
          >
            Please enter your email address below and we will send you an email with instructions on how to reset your password.
          </p>
          <div
            className="pgn__form-group mb-4"
          >
            <div
              className="pgn__form-control-decorator-group has-floating-label"
            >
              <input
                className="form-control"
                id="email"
                name="email"
                onBlur={[Function]}
                onChange={[Function]}
                onFocus={[Function]}
                type="text"
                value=""
              />
              <div
                className="pgn__form-control-floating-label"
              >
                <div
                  className="pgn__form-control-floating-label-content"
                >
                  <label
                    className="pgn__form-control-floating-label-text"
                    htmlFor="email"
                  >
                    Email
                  </label>
                </div>
              </div>
            </div>
            <div
              className="pgn-transition-replace-group position-relative"
              style={
                Object {
                  "height": null,
                }
              }
            >
              <div
                style={
                  Object {
                    "padding": ".1px 0",
                  }
                }
              >
                <div />
              </div>
            </div>
          </div>
          <button
            aria-disabled={false}
            aria-live="assertive"
            className="pgn__stateful-btn pgn__stateful-btn-state-null login-button-width btn btn-brand"
            disabled={false}
            onClick={[Function]}
            onMouseDown={[Function]}
            type="submit"
          >
            <span
              className="d-flex align-items-center justify-content-center"
            >
              <span>
                Submit
              </span>
            </span>
          </button>
          <a
            className="btn btn-link font-weight-500 text-body"
            id="forgot-password"
            onClick={[Function]}
            target="_self"
          >
            Need help signing in?
          </a>
          <p
            className="mt-5"
          >
            For additional help, contact edX support at 
          </p>
        </form>
      </div>
    </div>
  </div>
</div>
`;

exports[`ForgotPasswordPage should match forbidden section snapshot 1`] = `
<div>
  <span
    className="nav nav-tabs"
  >
    <a
      className="nav-item nav-link"
      href="/login"
      onClick={[Function]}
    >
      <svg
        aria-hidden="true"
        className="svg-inline--fa fa-chevron-left fa-w-10 mr-2"
        data-icon="chevron-left"
        data-prefix="fas"
        focusable="false"
        role="img"
        style={Object {}}
        viewBox="0 0 320 512"
        xmlns="http://www.w3.org/2000/svg"
      >
        <path
          d="M34.52 239.03L228.87 44.69c9.37-9.37 24.57-9.37 33.94 0l22.67 22.67c9.36 9.36 9.37 24.52.04 33.9L131.49 256l154.02 154.75c9.34 9.38 9.32 24.54-.04 33.9l-22.67 22.67c-9.37 9.37-24.57 9.37-33.94 0L34.52 272.97c-9.37-9.37-9.37-24.57 0-33.94z"
          fill="currentColor"
          style={Object {}}
        />
      </svg>
       
      Sign In
    </a>
  </span>
  <div
    className="main-content"
    id="main-content"
  >
    <div
      className="d-flex justify-content-center"
    >
      <div
        className="d-flex flex-column"
      >
        <form
          className="mw-xs"
        >
          <h3>
            Reset password
          </h3>
          <p
            className="mb-4"
          >
            Please enter your email address below and we will send you an email with instructions on how to reset your password.
          </p>
          <div
            className="pgn__form-group mb-4"
          >
            <div
              className="pgn__form-control-decorator-group has-floating-label"
            >
              <input
                className="form-control"
                id="email"
                name="email"
                onBlur={[Function]}
                onChange={[Function]}
                onFocus={[Function]}
                type="text"
                value=""
              />
              <div
                className="pgn__form-control-floating-label"
              >
                <div
                  className="pgn__form-control-floating-label-content"
                >
                  <label
                    className="pgn__form-control-floating-label-text"
                    htmlFor="email"
                  >
                    Email
                  </label>
                </div>
              </div>
            </div>
            <div
              className="pgn-transition-replace-group position-relative"
              style={
                Object {
                  "height": null,
                }
              }
            >
              <div
                style={
                  Object {
                    "padding": ".1px 0",
                  }
                }
              >
                <div />
              </div>
            </div>
          </div>
          <button
            aria-disabled={false}
            aria-live="assertive"
            className="pgn__stateful-btn pgn__stateful-btn-state-null login-button-width btn btn-brand"
            disabled={false}
            onClick={[Function]}
            onMouseDown={[Function]}
            type="submit"
          >
            <span
              className="d-flex align-items-center justify-content-center"
            >
              <span>
                Submit
              </span>
            </span>
          </button>
          <a
            className="btn btn-link font-weight-500 text-body"
            id="forgot-password"
            onClick={[Function]}
            target="_self"
          >
            Need help signing in?
          </a>
          <p
            className="mt-5"
          >
            For additional help, contact edX support at 
          </p>
        </form>
      </div>
    </div>
  </div>
</div>
`;

exports[`ForgotPasswordPage should match pending section snapshot 1`] = `
<div>
  <span
    className="nav nav-tabs"
  >
    <a
      className="nav-item nav-link"
      href="/login"
      onClick={[Function]}
    >
      <svg
        aria-hidden="true"
        className="svg-inline--fa fa-chevron-left fa-w-10 mr-2"
        data-icon="chevron-left"
        data-prefix="fas"
        focusable="false"
        role="img"
        style={Object {}}
        viewBox="0 0 320 512"
        xmlns="http://www.w3.org/2000/svg"
      >
        <path
          d="M34.52 239.03L228.87 44.69c9.37-9.37 24.57-9.37 33.94 0l22.67 22.67c9.36 9.36 9.37 24.52.04 33.9L131.49 256l154.02 154.75c9.34 9.38 9.32 24.54-.04 33.9l-22.67 22.67c-9.37 9.37-24.57 9.37-33.94 0L34.52 272.97c-9.37-9.37-9.37-24.57 0-33.94z"
          fill="currentColor"
          style={Object {}}
        />
      </svg>
       
      Sign In
    </a>
  </span>
  <div
    className="main-content"
    id="main-content"
  >
    <div
      className="d-flex justify-content-center"
    >
      <div
        className="d-flex flex-column"
      >
        <form
          className="mw-xs"
        >
          <h3>
            Reset password
          </h3>
          <p
            className="mb-4"
          >
            Please enter your email address below and we will send you an email with instructions on how to reset your password.
          </p>
          <div
            className="pgn__form-group mb-4"
          >
            <div
              className="pgn__form-control-decorator-group has-floating-label"
            >
              <input
                className="form-control"
                id="email"
                name="email"
                onBlur={[Function]}
                onChange={[Function]}
                onFocus={[Function]}
                type="text"
                value=""
              />
              <div
                className="pgn__form-control-floating-label"
              >
                <div
                  className="pgn__form-control-floating-label-content"
                >
                  <label
                    className="pgn__form-control-floating-label-text"
                    htmlFor="email"
                  >
                    Email
                  </label>
                </div>
              </div>
            </div>
            <div
              className="pgn-transition-replace-group position-relative"
              style={
                Object {
                  "height": null,
                }
              }
            >
              <div
                style={
                  Object {
                    "padding": ".1px 0",
                  }
                }
              >
                <div />
              </div>
            </div>
          </div>
          <button
            aria-disabled={false}
            aria-live="assertive"
            className="pgn__stateful-btn pgn__stateful-btn-state-null login-button-width btn btn-brand"
            disabled={false}
            onClick={[Function]}
            onMouseDown={[Function]}
            type="submit"
          >
            <span
              className="d-flex align-items-center justify-content-center"
            >
              <span>
                Submit
              </span>
            </span>
          </button>
          <a
            className="btn btn-link font-weight-500 text-body"
            id="forgot-password"
            onClick={[Function]}
            target="_self"
          >
            Need help signing in?
          </a>
          <p
            className="mt-5"
          >
            For additional help, contact edX support at 
          </p>
        </form>
      </div>
    </div>
  </div>
</div>
`;
